// Jest Snapshot v1, https://goo.gl/fbAQLP

exports[`BlogCardRecent should match snapshot 1`] = `
<button
  className="portfolio-blogcardrecent-wrapper"
>
  <div
    className="portfolio-blogcardrecent-image-wrapper"
  >
    <img
      alt=""
      className="portfolio-blogcardrecent-image"
      src="ProfilePhoto.jpg"
    />
  </div>
  <div
    className="portfolio-blogcardrecent-details-wrapper"
  >
    <h1
      className="portfolio-blogcardrecent-title"
    >
      
    </h1>
    <h2
      className="portfolio-blogcardrecent-description"
    >
      
    </h2>
    <h3
      className="portfolio-blogcardrecent-created"
    >
      
    </h3>
  </div>
</button>
`;
