// Jest Snapshot v1, https://goo.gl/fbAQLP

exports[`Blog should match snapshot 1`] = `
<section
  className="portfolio-blog-wrapper"
>
  <section
    className="portfolio-blog-mostrecent-wrapper"
  >
    <h1
      className="portfolio-blog-mostrecent-caption"
    >
      Most Recent:
    </h1>
    <a
      href="/Blog/MockId"
      onClick={[Function]}
    >
      <button
        className="portfolio-blogcardrecent-wrapper"
      >
        <div
          className="portfolio-blogcardrecent-image-wrapper"
        >
          <img
            className="portfolio-blogcardrecent-image"
            src="ProfilePhoto.jpg"
          />
        </div>
        <div
          className="portfolio-blogcardrecent-details-wrapper"
        >
          <h1
            className="portfolio-blogcardrecent-title"
          />
          <h2
            className="portfolio-blogcardrecent-description"
          />
          <h3
            className="portfolio-blogcardrecent-created"
          />
        </div>
      </button>
    </a>
  </section>
  <section
    className="portfolio-blogswrapper"
  >
    <div
      className="portfolio-blogswrapper-pagination"
    >
      <section
        className="portfolio-BlogsPagination"
      >
        <button
          className="portfolio-BlogsPagination-navigation-prev"
        >
          Prev
        </button>
        <span
          className="portfolio-BlogsPagination-show"
        >
          Show:
        </span>
        <select>
          <option
            value="20"
          >
            30
          </option>
          <option
            value="40"
          >
            40
          </option>
          <option
            value="60"
          >
            60
          </option>
        </select>
        <button
          className="portfolio-BlogsPagination-navigation-next"
        >
          Next
        </button>
      </section>
    </div>
    <a
      href="/Blog/MockId"
      onClick={[Function]}
    >
      <div
        className="portfolio-blog-card-first"
      >
        <button
          className="portfolio-blogcard-wrapper"
        >
          <div
            className="portfolio-blogcard-image-wrapper"
          >
            <img
              className="portfolio-blogcard-image"
              src="ProfilePhoto.jpg"
            />
          </div>
          <div
            className="portfolio-blogcard-details-wrapper"
          >
            <h1
              className="portfolio-blogcard-title"
            />
            <h2
              className="portfolio-blogcard-description"
            />
            <h3
              className="portfolio-blogcard-created"
            />
          </div>
        </button>
      </div>
    </a>
    <div
      className="portfolio-blogswrapper-pagination"
    >
      <section
        className="portfolio-BlogsPagination"
      >
        <button
          className="portfolio-BlogsPagination-navigation-prev"
        >
          Prev
        </button>
        <span
          className="portfolio-BlogsPagination-show"
        >
          Show:
        </span>
        <select>
          <option
            value="20"
          >
            30
          </option>
          <option
            value="40"
          >
            40
          </option>
          <option
            value="60"
          >
            60
          </option>
        </select>
        <button
          className="portfolio-BlogsPagination-navigation-next"
        >
          Next
        </button>
      </section>
    </div>
  </section>
</section>
`;
